<html>
<body>
<pre>
<h1>µVision Build Log</h1>
<h2>Tool Versions:</h2>
IDE-Version: ¦ÌVision V5.31.0.0
Copyright (C) 2020 ARM Ltd and ARM Germany GmbH. All rights reserved.
License Information: test ½­½­, test, LIC=TIVNB-2LD64-QD1KD-8F3ZQ-YISFN-RL5AH
 
Tool Versions:
Toolchain:       MDK-ARM Plus  Version: 5.31.0.0
Toolchain Path:  D:\mdk5\ARM\ARMCC\Bin
C Compiler:      Armcc.exe V5.06 update 6 (build 750)
Assembler:       Armasm.exe V5.06 update 6 (build 750)
Linker/Locator:  ArmLink.exe V5.06 update 6 (build 750)
Library Manager: ArmAr.exe V5.06 update 6 (build 750)
Hex Converter:   FromElf.exe V5.06 update 6 (build 750)
CPU DLL:         SARMCM3.DLL V5.31.0.0
Dialog DLL:      DCM.DLL V1.17.3.0
Target DLL:      STLink\ST-LINKIII-KEIL_SWO.dll V3.0.7.0
Dialog DLL:      TCM.DLL V1.46.0.0
 
<h2>Project:</h2>
D:\STM32CubMX\modbus\MDK-ARM\modbus.uvprojx
Project File Date:  12/30/2022

<h2>Output:</h2>
*** Using Compiler 'V5.06 update 6 (build 750)', folder: 'D:\mdk5\ARM\ARMCC\Bin'
Build target 'modbus'
compiling clock.c...
compiling mem.c...
compiling components.c...
compiling idle.c...
compiling cpu.c...
compiling memheap.c...
compiling irq.c...
compiling ipc.c...
compiling mempool.c...
compiling kservice.c...
compiling object.c...
compiling scheduler.c...
compiling slab.c...
compiling cpuport.c...
compiling thread.c...
compiling timer.c...
compiling finsh_port.c...
compiling cmd.c...
compiling msh.c...
compiling device.c...
compiling shell.c...
compiling main.c...
compiling app_rt_thread.c...
compiling board.c...
linking...
Program Size: Code=24520 RO-data=1748 RW-data=380 ZI-data=5788  
FromELF: creating hex file...
"modbus\modbus.axf" - 0 Error(s), 0 Warning(s).

<h2>Software Packages used:</h2>

Package Vendor: ARM
                http://www.keil.com/pack/ARM.CMSIS.5.7.0.pack
                ARM.CMSIS.5.7.0
                CMSIS (Cortex Microcontroller Software Interface Standard)
   * Component: CORE Version: 5.4.0

Package Vendor: Keil
                http://www.keil.com/pack/Keil.STM32F1xx_DFP.2.1.0.pack
                Keil.STM32F1xx_DFP.2.1.0
                STMicroelectronics STM32F1 Series Device Support, Drivers and Examples

<h2>Collection of Component include folders:</h2>
  .\RTE\_modbus
  D:\mdk5\pack\ARM\CMSIS\5.7.0\CMSIS\Core\Include
  D:\mdk5\pack\Keil\STM32F1xx_DFP\2.1.0\Device\Include

<h2>Collection of Component Files used:</h2>

   * Component: ARM::CMSIS:CORE:5.4.0
      Include file:  CMSIS\Core\Include\tz_context.h
Build Time Elapsed:  00:00:03
</pre>
</body>
</html>
